============================================================
TEST: RepoAnalyst Implementation
============================================================

[1/4] Analyzing mock repository...
[RepoAnalyst] Starting analysis of 6 files...

Γ¥î TEST FAILED: Error: Gemini API key missing
    at getGeminiApiKey (C:\Users\willi\OneDrive\Apps\This\AI-what\src\services\titanPipeline\config.ts:27:19)
    at RepoAnalystInstance.analyzeRepo (C:\Users\willi\OneDrive\Apps\This\AI-what\src\services\titanPipeline\analyst.ts:116:20)
    at runTest (C:\Users\willi\OneDrive\Apps\This\AI-what\src\tests\testRepoAnalyst.ts:110:35)
    at <anonymous> (C:\Users\willi\OneDrive\Apps\This\AI-what\src\tests\testRepoAnalyst.ts:153:1)
    at Object.<anonymous> (C:\Users\willi\OneDrive\Apps\This\AI-what\src\tests\testRepoAnalyst.ts:153:9)
    at Module._compile (node:internal/modules/cjs/loader:1706:14)
    at Object.transformer (C:\Users\willi\OneDrive\Apps\This\AI-what\node_modules\tsx\dist\register-D46fvsV_.cjs:3:1104)
    at Module.load (node:internal/modules/cjs/loader:1441:32)
    at Function._load (node:internal/modules/cjs/loader:1263:12)
    at TracingChannel.traceSync (node:diagnostics_channel:322:14)
